2026-08-08T12:21:24Z INF Thank you for trying Cloudflare Tunnel. Doing so, without a Cloudflare account, is a quick way to experiment and try it out. However, be aware that these account-less Tunnels have no uptime guarantee, are subject to the Cloudflare Online Services Terms of Use (https://www.cloudflare.com/website-terms/), and Cloudflare reserves the right to investigate your use of Tunnels for violations of such terms. If you intend to use Tunnels in production you should use a pre-created named tunnel by following: https://developers.cloudflare.com/cloudflare-one/connections/connect-apps
2026-08-08T12:21:24Z INF Requesting new quick Tunnel on trycloudflare.com...
2026-08-08T12:21:34Z INF +--------------------------------------------------------------------------------------------+
2026-08-08T12:21:34Z INF |  Your quick Tunnel has been created! Visit it at (it may take some time to be reachable):  |
2026-08-08T12:21:34Z INF |  https://profiles-fireplace-reach-organizations.trycloudflare.com                          |
2026-08-08T12:21:34Z INF +--------------------------------------------------------------------------------------------+
2026-08-08T12:21:34Z INF Cannot determine default configuration path. No file [config.yml config.yaml] in [~/.cloudflared ~/.cloudflare-warp ~/cloudflare-warp /etc/cloudflared /usr/local/etc/cloudflared]
2026-08-08T12:21:34Z INF Version 2026.7.3 (Checksum 8e8a9d5fd3e30334773745982a9088e20109ccbd4003472a766d20ab9c1c1024)
2026-08-08T12:21:34Z INF GOOS: darwin, GOVersion: go1.26.5, GoArch: arm64
2026-08-08T12:21:34Z INF Settings: map[ha-connections:1 protocol:quic url:http://localhost:3000]
2026-08-08T12:21:34Z INF cloudflared will not automatically update if installed by a package manager.
2026-08-08T12:21:34Z INF Generated Connector ID: d8410387-20df-490a-b56b-b0e707b41962
2026-08-08T12:21:34Z INF Initial protocol quic
2026-08-08T12:21:34Z INF ICMP proxy will use 192.168.0.136 as source for IPv4
2026-08-08T12:21:34Z INF ICMP proxy will use fe80::70:3c10:6654:19fb in zone en0 as source for IPv6
2026-08-08T12:21:34Z INF Created ICMP proxy listening on 192.168.0.136:0
2026-08-08T12:21:34Z INF ICMP proxy will use 192.168.0.136 as source for IPv4
2026-08-08T12:21:34Z INF ICMP proxy will use fe80::70:3c10:6654:19fb in zone en0 as source for IPv6
2026-08-08T12:21:34Z INF Starting metrics server on 127.0.0.1:20241/metrics
2026-08-08T12:21:34Z INF Tunnel connection curve preferences: [X25519MLKEM768 CurveID(65074) CurveP256] connIndex=0 event=0 ip=198.41.200.43
2026-08-08T12:21:35Z INF Registered tunnel connection connIndex=0 connection=12af3c2c-b108-4c8d-8d49-f286527d6ce0 event=0 ip=198.41.200.43 location=bom11 protocol=quic
2026-08-08T12:21:40Z INF +-------------------------------------------------------------------------------------+
2026-08-08T12:21:40Z INF |                               CONNECTIVITY PRE-CHECKS                               |
2026-08-08T12:21:40Z INF +-------------------------------------------------------------------------------------+
2026-08-08T12:21:40Z INF |  COMPONENT         TARGET                     STATUS  DETAILS                       |
2026-08-08T12:21:40Z INF |  DNS Resolution    region1.v2.argotunnel.com  PASS    DNS Resolved successfully     |
2026-08-08T12:21:40Z INF |  DNS Resolution    region2.v2.argotunnel.com  PASS    DNS Resolved successfully     |
2026-08-08T12:21:40Z INF |  UDP Connectivity  region1.v2.argotunnel.com  PASS    QUIC connection successful    |
2026-08-08T12:21:40Z INF |  UDP Connectivity  region2.v2.argotunnel.com  PASS    QUIC connection successful    |
2026-08-08T12:21:40Z INF |  TCP Connectivity  region1.v2.argotunnel.com  PASS    HTTP/2 connection successful  |
2026-08-08T12:21:40Z INF |  TCP Connectivity  region2.v2.argotunnel.com  PASS    HTTP/2 connection successful  |
2026-08-08T12:21:40Z INF |  Cloudflare API    api.cloudflare.com:443     PASS    API is reachable              |
2026-08-08T12:21:40Z INF |                                                                                     |
2026-08-08T12:21:40Z INF |  SUMMARY: Environment is healthy. cloudflared will use 'quic' as primary protocol.  |
2026-08-08T12:21:40Z INF +-------------------------------------------------------------------------------------+
2026-08-08T12:21:40Z INF precheck component="DNS Resolution" details="DNS Resolved successfully" run_id=e036e81c-fbbb-4cbd-a4a7-898d28009aec status=pass target=region1.v2.argotunnel.com
2026-08-08T12:21:40Z INF precheck component="DNS Resolution" details="DNS Resolved successfully" run_id=e036e81c-fbbb-4cbd-a4a7-898d28009aec status=pass target=region2.v2.argotunnel.com
2026-08-08T12:21:40Z INF precheck component="UDP Connectivity" details="QUIC connection successful" run_id=e036e81c-fbbb-4cbd-a4a7-898d28009aec status=pass target=region1.v2.argotunnel.com
2026-08-08T12:21:40Z INF precheck component="UDP Connectivity" details="QUIC connection successful" run_id=e036e81c-fbbb-4cbd-a4a7-898d28009aec status=pass target=region2.v2.argotunnel.com
2026-08-08T12:21:40Z INF precheck component="TCP Connectivity" details="HTTP/2 connection successful" run_id=e036e81c-fbbb-4cbd-a4a7-898d28009aec status=pass target=region1.v2.argotunnel.com
2026-08-08T12:21:40Z INF precheck component="TCP Connectivity" details="HTTP/2 connection successful" run_id=e036e81c-fbbb-4cbd-a4a7-898d28009aec status=pass target=region2.v2.argotunnel.com
2026-08-08T12:21:40Z INF precheck component="Cloudflare API" details="API is reachable" run_id=e036e81c-fbbb-4cbd-a4a7-898d28009aec status=pass target=api.cloudflare.com:443
2026-08-08T12:21:40Z INF precheck complete hard_fail=false run_id=e036e81c-fbbb-4cbd-a4a7-898d28009aec suggested_protocol=quic
